------------------------------------------------------------
TimeQuest Timing Analyzer Summary
------------------------------------------------------------

Type  : Slow Model Setup 'pulse'
Slack : -4.810
TNS   : -40.609

Type  : Slow Model Setup 'fpga_clock'
Slack : -2.223
TNS   : -56.460

Type  : Slow Model Hold 'fpga_clock'
Slack : 0.124
TNS   : 0.000

Type  : Slow Model Hold 'pulse'
Slack : 2.547
TNS   : 0.000

Type  : Slow Model Recovery 'fpga_clock'
Slack : -3.074
TNS   : -135.465

Type  : Slow Model Removal 'fpga_clock'
Slack : 2.343
TNS   : 0.000

Type  : Slow Model Minimum Pulse Width 'fpga_clock'
Slack : -1.380
TNS   : -47.380

Type  : Slow Model Minimum Pulse Width 'pulse'
Slack : -1.222
TNS   : -10.222

Type  : Fast Model Setup 'pulse'
Slack : -2.177
TNS   : -18.455

Type  : Fast Model Setup 'fpga_clock'
Slack : -0.557
TNS   : -6.681

Type  : Fast Model Hold 'fpga_clock'
Slack : -0.265
TNS   : -3.439

Type  : Fast Model Hold 'pulse'
Slack : 1.634
TNS   : 0.000

Type  : Fast Model Recovery 'fpga_clock'
Slack : -0.964
TNS   : -41.380

Type  : Fast Model Removal 'fpga_clock'
Slack : 1.172
TNS   : 0.000

Type  : Fast Model Minimum Pulse Width 'fpga_clock'
Slack : -1.380
TNS   : -47.380

Type  : Fast Model Minimum Pulse Width 'pulse'
Slack : -1.222
TNS   : -10.222

------------------------------------------------------------
