------------------------------------------------------------
TimeQuest Timing Analyzer Summary
------------------------------------------------------------

Type  : Slow Model Setup 'pulse'
Slack : -34.094
TNS   : -247.800

Type  : Slow Model Setup 'distance_calculation:distance_calculation|frequency_divider:frequency_divider_triger|out_frequency~reg0'
Slack : -1.574
TNS   : -15.366

Type  : Slow Model Setup 'fpga_clock'
Slack : -1.467
TNS   : -10.668

Type  : Slow Model Hold 'fpga_clock'
Slack : -2.558
TNS   : -2.558

Type  : Slow Model Hold 'distance_calculation:distance_calculation|frequency_divider:frequency_divider_triger|out_frequency~reg0'
Slack : 0.391
TNS   : 0.000

Type  : Slow Model Hold 'pulse'
Slack : 1.985
TNS   : 0.000

Type  : Slow Model Minimum Pulse Width 'fpga_clock'
Slack : -1.380
TNS   : -11.380

Type  : Slow Model Minimum Pulse Width 'pulse'
Slack : -1.222
TNS   : -13.222

Type  : Slow Model Minimum Pulse Width 'distance_calculation:distance_calculation|frequency_divider:frequency_divider_triger|out_frequency~reg0'
Slack : -0.500
TNS   : -15.000

Type  : Fast Model Setup 'pulse'
Slack : -14.618
TNS   : -105.780

Type  : Fast Model Setup 'distance_calculation:distance_calculation|frequency_divider:frequency_divider_triger|out_frequency~reg0'
Slack : -0.189
TNS   : -0.609

Type  : Fast Model Setup 'fpga_clock'
Slack : -0.132
TNS   : -0.265

Type  : Fast Model Hold 'fpga_clock'
Slack : -1.599
TNS   : -1.599

Type  : Fast Model Hold 'distance_calculation:distance_calculation|frequency_divider:frequency_divider_triger|out_frequency~reg0'
Slack : 0.135
TNS   : 0.000

Type  : Fast Model Hold 'pulse'
Slack : 1.191
TNS   : 0.000

Type  : Fast Model Minimum Pulse Width 'fpga_clock'
Slack : -1.380
TNS   : -11.380

Type  : Fast Model Minimum Pulse Width 'pulse'
Slack : -1.222
TNS   : -13.222

Type  : Fast Model Minimum Pulse Width 'distance_calculation:distance_calculation|frequency_divider:frequency_divider_triger|out_frequency~reg0'
Slack : -0.500
TNS   : -15.000

------------------------------------------------------------
